
Optional file libmchp_peripheral.a not found

Optional file libmchp_peripheral_32MX250F128B.a not found
Archive member included because of file (symbol)

/Applications/microchip/xc32/v2.50/bin/bin/../../lib/gcc/pic32mx/4.8.3/../../../../pic32mx/lib/libpic32.a(default-on-reset.o)
                              /var/folders/xv/v1flr2693k32qg7v7rslsw_h0000gn/T//ccQ2hFCI.o (_on_reset)
/Applications/microchip/xc32/v2.50/bin/bin/../../lib/gcc/pic32mx/4.8.3/../../../../pic32mx/lib/libpic32.a(default-on-bootstrap.o)
                              /var/folders/xv/v1flr2693k32qg7v7rslsw_h0000gn/T//ccQ2hFCI.o (_on_bootstrap)
/Applications/microchip/xc32/v2.50/bin/bin/../../lib/gcc/pic32mx/4.8.3/../../../../pic32mx/lib/libpic32.a(default-nmi-handler.o)
                              /var/folders/xv/v1flr2693k32qg7v7rslsw_h0000gn/T//ccQ2hFCI.o (_nmi_handler)
/Applications/microchip/xc32/v2.50/bin/bin/../../lib/gcc/pic32mx/4.8.3/../../../../pic32mx/lib/libpic32.a(pic32_data_init.o)
                              /var/folders/xv/v1flr2693k32qg7v7rslsw_h0000gn/T//ccQ2hFCI.o (__pic32_data_init)
/Applications/microchip/xc32/v2.50/bin/bin/../../lib/gcc/pic32mx/4.8.3/../../../../pic32mx/lib/libpic32.a(general-exception.o)
                              /var/folders/xv/v1flr2693k32qg7v7rslsw_h0000gn/T//ccQ2hFCI.o (_general_exception_context)
/Applications/microchip/xc32/v2.50/bin/bin/../../lib/gcc/pic32mx/4.8.3/../../../../pic32mx/lib/libpic32.a(vector0.o)
                              /var/folders/xv/v1flr2693k32qg7v7rslsw_h0000gn/T//ccCZgVSZ.o (__vector_dispatch_0)
/Applications/microchip/xc32/v2.50/bin/bin/../../lib/gcc/pic32mx/4.8.3/../../../../pic32mx/lib/libpic32.a(vector1.o)
                              /var/folders/xv/v1flr2693k32qg7v7rslsw_h0000gn/T//ccCZgVSZ.o (__vector_dispatch_1)
/Applications/microchip/xc32/v2.50/bin/bin/../../lib/gcc/pic32mx/4.8.3/../../../../pic32mx/lib/libpic32.a(vector2.o)
                              /var/folders/xv/v1flr2693k32qg7v7rslsw_h0000gn/T//ccCZgVSZ.o (__vector_dispatch_2)
/Applications/microchip/xc32/v2.50/bin/bin/../../lib/gcc/pic32mx/4.8.3/../../../../pic32mx/lib/libpic32.a(vector3.o)
                              /var/folders/xv/v1flr2693k32qg7v7rslsw_h0000gn/T//ccCZgVSZ.o (__vector_dispatch_3)
/Applications/microchip/xc32/v2.50/bin/bin/../../lib/gcc/pic32mx/4.8.3/../../../../pic32mx/lib/libpic32.a(vector4.o)
                              /var/folders/xv/v1flr2693k32qg7v7rslsw_h0000gn/T//ccCZgVSZ.o (__vector_dispatch_4)
/Applications/microchip/xc32/v2.50/bin/bin/../../lib/gcc/pic32mx/4.8.3/../../../../pic32mx/lib/libpic32.a(vector5.o)
                              /var/folders/xv/v1flr2693k32qg7v7rslsw_h0000gn/T//ccCZgVSZ.o (__vector_dispatch_5)
/Applications/microchip/xc32/v2.50/bin/bin/../../lib/gcc/pic32mx/4.8.3/../../../../pic32mx/lib/libpic32.a(vector6.o)
                              /var/folders/xv/v1flr2693k32qg7v7rslsw_h0000gn/T//ccCZgVSZ.o (__vector_dispatch_6)
/Applications/microchip/xc32/v2.50/bin/bin/../../lib/gcc/pic32mx/4.8.3/../../../../pic32mx/lib/libpic32.a(vector7.o)
                              /var/folders/xv/v1flr2693k32qg7v7rslsw_h0000gn/T//ccCZgVSZ.o (__vector_dispatch_7)
/Applications/microchip/xc32/v2.50/bin/bin/../../lib/gcc/pic32mx/4.8.3/../../../../pic32mx/lib/libpic32.a(vector8.o)
                              /var/folders/xv/v1flr2693k32qg7v7rslsw_h0000gn/T//ccCZgVSZ.o (__vector_dispatch_8)
/Applications/microchip/xc32/v2.50/bin/bin/../../lib/gcc/pic32mx/4.8.3/../../../../pic32mx/lib/libpic32.a(vector9.o)
                              /var/folders/xv/v1flr2693k32qg7v7rslsw_h0000gn/T//ccCZgVSZ.o (__vector_dispatch_9)
/Applications/microchip/xc32/v2.50/bin/bin/../../lib/gcc/pic32mx/4.8.3/../../../../pic32mx/lib/libpic32.a(vector10.o)
                              /var/folders/xv/v1flr2693k32qg7v7rslsw_h0000gn/T//ccCZgVSZ.o (__vector_dispatch_10)
/Applications/microchip/xc32/v2.50/bin/bin/../../lib/gcc/pic32mx/4.8.3/../../../../pic32mx/lib/libpic32.a(vector11.o)
                              /var/folders/xv/v1flr2693k32qg7v7rslsw_h0000gn/T//ccCZgVSZ.o (__vector_dispatch_11)
/Applications/microchip/xc32/v2.50/bin/bin/../../lib/gcc/pic32mx/4.8.3/../../../../pic32mx/lib/libpic32.a(vector12.o)
                              /var/folders/xv/v1flr2693k32qg7v7rslsw_h0000gn/T//ccCZgVSZ.o (__vector_dispatch_12)
/Applications/microchip/xc32/v2.50/bin/bin/../../lib/gcc/pic32mx/4.8.3/../../../../pic32mx/lib/libpic32.a(vector13.o)
                              /var/folders/xv/v1flr2693k32qg7v7rslsw_h0000gn/T//ccCZgVSZ.o (__vector_dispatch_13)
/Applications/microchip/xc32/v2.50/bin/bin/../../lib/gcc/pic32mx/4.8.3/../../../../pic32mx/lib/libpic32.a(vector14.o)
                              /var/folders/xv/v1flr2693k32qg7v7rslsw_h0000gn/T//ccCZgVSZ.o (__vector_dispatch_14)
/Applications/microchip/xc32/v2.50/bin/bin/../../lib/gcc/pic32mx/4.8.3/../../../../pic32mx/lib/libpic32.a(vector15.o)
[...]
Memory Configuration

Name             Origin             Length             Attributes
kseg0_program_mem 0x9d000000         0x0001f000         xr
exception_mem    0x9d01f000         0x00001000
debug_exec_mem   0x9fc00490         0x00000760
kseg0_boot_mem   0x9fc00490         0x00000000
kseg1_boot_mem   0xbfc00000         0x00000490
config3          0xbfc00bf0         0x00000004
config2          0xbfc00bf4         0x00000004
config1          0xbfc00bf8         0x00000004
config0          0xbfc00bfc         0x00000004
kseg1_data_mem   0xa0000000         0x00008000         w !x
sfrs             0xbf800000         0x00100000
configsfrs       0xbfc00bf0         0x00000010
*default*        0x00000000         0xffffffff

Linker script and memory map

LOAD /Applications/microchip/xc32/v2.50/bin/bin/../../lib/gcc/pic32mx/4.8.3/../../../../pic32mx/lib/debug-exception-return.o
LOAD build/default/production/_ext/869808652/drv_usart.o
LOAD build/default/production/_ext/60165520/plib_clk.o
LOAD build/default/production/_ext/1865161661/plib_dmac.o
LOAD build/default/production/_ext/1865200349/plib_evic.o
LOAD build/default/production/_ext/1865254177/plib_gpio.o
LOAD build/default/production/_ext/1865657120/plib_uart1.o
LOAD build/default/production/_ext/163028504/xc32_monitor.o
LOAD build/default/production/_ext/14461671/sys_dma.o
LOAD build/default/production/_ext/1881668453/sys_int.o
LOAD build/default/production/_ext/1171490990/initialization.o
LOAD build/default/production/_ext/1171490990/interrupts.o
LOAD build/default/production/_ext/1171490990/exceptions.o
LOAD build/default/production/_ext/1171490990/tasks.o
LOAD build/default/production/_ext/1360937237/main.o
LOAD build/default/production/_ext/1360937237/user.o
LOAD build/default/production/_ext/1360937237/serial_rcv.o
LOAD build/default/production/_ext/1360937237/garapico_led.o
                0x00000001                __MPLAB_BUILD = 0x1
                0x00000400                PROVIDE (_min_stack_size, 0x400)
START GROUP
LOAD libmchp_peripheral.a
END GROUP
START GROUP
LOAD libmchp_peripheral_32MX250F128B.a
END GROUP
                0x00000001                PROVIDE (_vector_spacing, 0x1)
                0x9d01f000                PROVIDE (_ebase_address, 0x9d01f000)
                0xbfc00000                _RESET_ADDR = 0xbfc00000
                0xbfc00380                _BEV_EXCPT_ADDR = 0xbfc00380
                0xbfc00480                _DBG_EXCPT_ADDR = 0xbfc00480
                0x9fc00490                _DBG_CODE_ADDR = 0x9fc00490
                0x00000760                _DBG_CODE_SIZE = 0x760
                0x9d01f180                _GEN_EXCPT_ADDR = (_ebase_address + 0x180)

.config_BFC00BF0
                0xbfc00bf0        0x4
 *(.config_BFC00BF0)
 .config_BFC00BF0
                0xbfc00bf0        0x4 build/default/production/_ext/1171490990/initialization.o

.config_BFC00BF4
                0xbfc00bf4        0x4
 *(.config_BFC00BF4)
 .config_BFC00BF4
                0xbfc00bf4        0x4 build/default/production/_ext/1171490990/initialization.o

.config_BFC00BF8
                0xbfc00bf8        0x4
 *(.config_BFC00BF8)
 .config_BFC00BF8
                0xbfc00bf8        0x4 build/default/production/_ext/1171490990/initialization.o

.config_BFC00BFC
                0xbfc00bfc        0x4
 *(.config_BFC00BFC)
 .config_BFC00BFC
                0xbfc00bfc        0x4 build/default/production/_ext/1171490990/initialization.o

.reset          0xbfc00000      0x178
 *(.reset)
 .reset         0xbfc00000        0x8 /var/folders/xv/v1flr2693k32qg7v7rslsw_h0000gn/T//ccQ2hFCI.o
                0xbfc00000                _reset
 *(.reset.startup)
 .reset.startup
                0xbfc00008      0x170 /var/folders/xv/v1flr2693k32qg7v7rslsw_h0000gn/T//ccQ2hFCI.o
                0xbfc00008                _startup

.bev_excpt      0xbfc00380       0x10
 *(.bev_handler)
 .bev_handler   0xbfc00380       0x10 /var/folders/xv/v1flr2693k32qg7v7rslsw_h0000gn/T//ccQ2hFCI.o

.dbg_excpt      0xbfc00480        0x0
                0xbfc00480                . = (. + DEFINED (_DEBUGGER)?0x8:0x0)

.dbg_code       0x9fc00490        0x0
                0x9fc00490                . = (. + DEFINED (_DEBUGGER)?_DBG_CODE_SIZE:0x0)

.app_excpt      0x9d01f180       0x10
 *(.gen_handler)
 .gen_handler   0x9d01f180       0x10 /var/folders/xv/v1flr2693k32qg7v7rslsw_h0000gn/T//ccQ2hFCI.o

.vector_0       0x9d01f200        0x8
 *(.vector_0)
 .vector_0      0x9d01f200        0x8 /Applications/microchip/xc32/v2.50/bin/bin/../../lib/gcc/pic32mx/4.8.3/../../../../pic32mx/lib/libpic32.a(vector0.o)
                0x9d01f200                __vector_dispatch_0
                0x00000001                ASSERT (((_vector_spacing == 0x0) || (SIZEOF (.vector_0) <= (_vector_spacing << 0x5))), function at exception vector 0 too large)

.vector_1       0x9d01f220        0x8
 *(.vector_1)
 .vector_1      0x9d01f220        0x8 /Applications/microchip/xc32/v2.50/bin/bin/../../lib/gcc/pic32mx/4.8.3/../../../../pic32mx/lib/libpic32.a(vector1.o)
                0x9d01f220                __vector_dispatch_1
                0x00000001                ASSERT (((_vector_spacing == 0x0) || (SIZEOF (.vector_1) <= (_vector_spacing << 0x5))), function at exception vector 1 too large)

.vector_2       0x9d01f240        0x8
 *(.vector_2)
 .vector_2      0x9d01f240        0x8 /Applications/microchip/xc32/v2.50/bin/bin/../../lib/gcc/pic32mx/4.8.3/../../../../pic32mx/lib/libpic32.a(vector2.o)
                0x9d01f240                __vector_dispatch_2
                0x00000001                ASSERT (((_vector_spacing == 0x0) || (SIZEOF (.vector_2) <= (_vector_spacing << 0x5))), function at exception vector 2 too large)

.vector_3       0x9d01f260        0x8
 *(.vector_3)
 .vector_3      0x9d01f260        0x8 /Applications/microchip/xc32/v2.50/bin/bin/../../lib/gcc/pic32mx/4.8.3/../../../../pic32mx/lib/libpic32.a(vector3.o)
                0x9d01f260                __vector_dispatch_3
                0x00000001                ASSERT (((_vector_spacing == 0x0) || (SIZEOF (.vector_3) <= (_vector_spacing << 0x5))), function at exception vector 3 too large)

.vector_4       0x9d01f280        0x8
 *(.vector_4)
 .vector_4      0x9d01f280        0x8 /Applications/microchip/xc32/v2.50/bin/bin/../../lib/gcc/pic32mx/4.8.3/../../../../pic32mx/lib/libpic32.a(vector4.o)
                0x9d01f280                __vector_dispatch_4
                0x00000001                ASSERT (((_vector_spacing == 0x0) || (SIZEOF (.vector_4) <= (_vector_spacing << 0x5))), function at exception vector 4 too large)

.vector_5       0x9d01f2a0        0x8
 *(.vector_5)
 .vector_5      0x9d01f2a0        0x8 /Applications/microchip/xc32/v2.50/bin/bin/../../lib/gcc/pic32mx/4.8.3/../../../../pic32mx/lib/libpic32.a(vector5.o)
                0x9d01f2a0                __vector_dispatch_5
                0x00000001                ASSERT (((_vector_spacing == 0x0) || (SIZEOF (.vector_5) <= (_vector_spacing << 0x5))), function at exception vector 5 too large)

.vector_6       0x9d01f2c0        0x8
 *(.vector_6)
 .vector_6      0x9d01f2c0        0x8 /Applications/microchip/xc32/v2.50/bin/bin/../../lib/gcc/pic32mx/4.8.3/../../../../pic32mx/lib/libpic32.a(vector6.o)
                0x9d01f2c0                __vector_dispatch_6
                0x00000001                ASSERT (((_vector_spacing == 0x0) || (SIZEOF (.vector_6) <= (_vector_spacing << 0x5))), function at exception vector 6 too large)

.vector_7       0x9d01f2e0        0x8
 *(.vector_7)
 .vector_7      0x9d01f2e0        0x8 /Applications/microchip/xc32/v2.50/bin/bin/../../lib/gcc/pic32mx/4.8.3/../../../../pic32mx/lib/libpic32.a(vector7.o)
                0x9d01f2e0                __vector_dispatch_7
                0x00000001                ASSERT (((_vector_spacing == 0x0) || (SIZEOF (.vector_7) <= (_vector_spacing << 0x5))), function at exception vector 7 too large)

.vector_8       0x9d01f300        0x8
 *(.vector_8)
 .vector_8      0x9d01f300        0x8 /Applications/microchip/xc32/v2.50/bin/bin/../../lib/gcc/pic32mx/4.8.3/../../../../pic32mx/lib/libpic32.a(vector8.o)
                0x9d01f300                __vector_dispatch_8
                0x00000001                ASSERT (((_vector_spacing == 0x0) || (SIZEOF (.vector_8) <= (_vector_spacing << 0x5))), function at exception vector 8 too large)

.vector_9       0x9d01f320        0x8
 *(.vector_9)
 .vector_9      0x9d01f320        0x8 /Applications/microchip/xc32/v2.50/bin/bin/../../lib/gcc/pic32mx/4.8.3/../../../../pic32mx/lib/libpic32.a(vector9.o)
                0x9d01f320                __vector_dispatch_9
                0x00000001                ASSERT (((_vector_spacing == 0x0) || (SIZEOF (.vector_9) <= (_vector_spacing << 0x5))), function at exception vector 9 too large)

.vector_10      0x9d01f340        0x8
 *(.vector_10)
 .vector_10     0x9d01f340        0x8 /Applications/microchip/xc32/v2.50/bin/bin/../../lib/gcc/pic32mx/4.8.3/../../../../pic32mx/lib/libpic32.a(vector10.o)
                0x9d01f340                __vector_dispatch_10
                0x00000001                ASSERT (((_vector_spacing == 0x0) || (SIZEOF (.vector_10) <= (_vector_spacing << 0x5))), function at exception vector 10 too large)

.vector_11      0x9d01f360        0x8
 *(.vector_11)
 .vector_11     0x9d01f360        0x8 /Applications/microchip/xc32/v2.50/bin/bin/../../lib/gcc/pic32mx/4.8.3/../../../../pic32mx/lib/libpic32.a(vector11.o)
                0x9d01f360                __vector_dispatch_11
                0x00000001                ASSERT (((_vector_spacing == 0x0) || (SIZEOF (.vector_11) <= (_vector_spacing << 0x5))), function at exception vector 11 too large)

.vector_12      0x9d01f380        0x8
 *(.vector_12)
 .vector_12     0x9d01f380        0x8 /Applications/microchip/xc32/v2.50/bin/bin/../../lib/gcc/pic32mx/4.8.3/../../../../pic32mx/lib/libpic32.a(vector12.o)
                0x9d01f380                __vector_dispatch_12
                0x00000001                ASSERT (((_vector_spacing == 0x0) || (SIZEOF (.vector_12) <= (_vector_spacing << 0x5))), function at exception vector 12 too large)

.vector_13      0x9d01f3a0        0x8
 *(.vector_13)
 .vector_13     0x9d01f3a0        0x8 /Applications/microchip/xc32/v2.50/bin/bin/../../lib/gcc/pic32mx/4.8.3/../../../../pic32mx/lib/libpic32.a(vector13.o)
                0x9d01f3a0                __vector_dispatch_13
                0x00000001                ASSERT (((_vector_spacing == 0x0) || (SIZEOF (.vector_13) <= (_vector_spacing << 0x5))), function at exception vector 13 too large)

.vector_14      0x9d01f3c0        0x8
 *(.vector_14)
 .vector_14     0x9d01f3c0        0x8 /Applications/microchip/xc32/v2.50/bin/bin/../../lib/gcc/pic32mx/4.8.3/../../../../pic32mx/lib/libpic32.a(vector14.o)
                0x9d01f3c0                __vector_dispatch_14
                0x00000001                ASSERT (((_vector_spacing == 0x0) || (SIZEOF (.vector_14) <= (_vector_spacing << 0x5))), function at exception vector 14 too large)

.vector_15      0x9d01f3e0        0x8
 *(.vector_15)
 .vector_15     0x9d01f3e0        0x8 /Applications/microchip/xc32/v2.50/bin/bin/../../lib/gcc/pic32mx/4.8.3/../../../../pic32mx/lib/libpic32.a(vector15.o)
                0x9d01f3e0                __vector_dispatch_15
                0x00000001                ASSERT (((_vector_spacing == 0x0) || (SIZEOF (.vector_15) <= (_vector_spacing << 0x5))), function at exception vector 15 too large)

.vector_16      0x9d01f400        0x8
 *(.vector_16)
 .vector_16     0x9d01f400        0x8 /Applications/microchip/xc32/v2.50/bin/bin/../../lib/gcc/pic32mx/4.8.3/../../../../pic32mx/lib/libpic32.a(vector16.o)
                0x9d01f400                __vector_dispatch_16
                0x00000001                ASSERT (((_vector_spacing == 0x0) || (SIZEOF (.vector_16) <= (_vector_spacing << 0x5))), function at exception vector 16 too large)

.vector_17      0x9d01f420        0x8
 *(.vector_17)
 .vector_17     0x9d01f420        0x8 /Applications/microchip/xc32/v2.50/bin/bin/../../lib/gcc/pic32mx/4.8.3/../../../../pic32mx/lib/libpic32.a(vector17.o)
                0x9d01f420                __vector_dispatch_17
                0x00000001                ASSERT (((_vector_spacing == 0x0) || (SIZEOF (.vector_17) <= (_vector_spacing << 0x5))), function at exception vector 17 too large)

.vector_18      0x9d01f440        0x8
 *(.vector_18)
 .vector_18     0x9d01f440        0x8 /Applications/microchip/xc32/v2.50/bin/bin/../../lib/gcc/pic32mx/4.8.3/../../../../pic32mx/lib/libpic32.a(vector18.o)
                0x9d01f440                __vector_dispatch_18
                0x00000001                ASSERT (((_vector_spacing == 0x0) || (SIZEOF (.vector_18) <= (_vector_spacing << 0x5))), function at exception vector 18 too large)

.vector_19      0x9d01f460        0x8
 *(.vector_19)
 .vector_19     0x9d01f460        0x8 /Applications/microchip/xc32/v2.50/bin/bin/../../lib/gcc/pic32mx/4.8.3/../../../../pic32mx/lib/libpic32.a(vector19.o)
                0x9d01f460                __vector_dispatch_19
                0x00000001                ASSERT (((_vector_spacing == 0x0) || (SIZEOF (.vector_19) <= (_vector_spacing << 0x5))), function at exception vector 19 too large)

.vector_20      0x9d01f480        0x8
 *(.vector_20)
 .vector_20     0x9d01f480        0x8 /Applications/microchip/xc32/v2.50/bin/bin/../../lib/gcc/pic32mx/4.8.3/../../../../pic32mx/lib/libpic32.a(vector20.o)
                0x9d01f480                __vector_dispatch_20
                0x00000001                ASSERT (((_vector_spacing == 0x0) || (SIZEOF (.vector_20) <= (_vector_spacing << 0x5))), function at exception vector 20 too large)

.vector_21      0x9d01f4a0        0x8
 *(.vector_21)
 .vector_21     0x9d01f4a0        0x8 /Applications/microchip/xc32/v2.50/bin/bin/../../lib/gcc/pic32mx/4.8.3/../../../../pic32mx/lib/libpic32.a(vector21.o)
                0x9d01f4a0                __vector_dispatch_21
                0x00000001                ASSERT (((_vector_spacing == 0x0) || (SIZEOF (.vector_21) <= (_vector_spacing << 0x5))), function at exception vector 21 too large)

.vector_22      0x9d01f4c0        0x8
 *(.vector_22)
 .vector_22     0x9d01f4c0        0x8 /Applications/microchip/xc32/v2.50/bin/bin/../../lib/gcc/pic32mx/4.8.3/../../../../pic32mx/lib/libpic32.a(vector22.o)
                0x9d01f4c0                __vector_dispatch_22
                0x00000001                ASSERT (((_vector_spacing == 0x0) || (SIZEOF (.vector_22) <= (_vector_spacing << 0x5))), function at exception vector 22 too large)

.vector_23      0x9d01f4e0        0x8
 *(.vector_23)
 .vector_23     0x9d01f4e0        0x8 /Applications/microchip/xc32/v2.50/bin/bin/../../lib/gcc/pic32mx/4.8.3/../../../../pic32mx/lib/libpic32.a(vector23.o)
                0x9d01f4e0                __vector_dispatch_23
                0x00000001                ASSERT (((_vector_spacing == 0x0) || (SIZEOF (.vector_23) <= (_vector_spacing << 0x5))), function at exception vector 23 too large)

.vector_24      0x9d01f500        0x8
 *(.vector_24)
 .vector_24     0x9d01f500        0x8 /Applications/microchip/xc32/v2.50/bin/bin/../../lib/gcc/pic32mx/4.8.3/../../../../pic32mx/lib/libpic32.a(vector24.o)
                0x9d01f500                __vector_dispatch_24
                0x00000001                ASSERT (((_vector_spacing == 0x0) || (SIZEOF (.vector_24) <= (_vector_spacing << 0x5))), function at exception vector 24 too large)

.vector_25      0x9d01f520        0x8
 *(.vector_25)
 .vector_25     0x9d01f520        0x8 /Applications/microchip/xc32/v2.50/bin/bin/../../lib/gcc/pic32mx/4.8.3/../../../../pic32mx/lib/libpic32.a(vector25.o)
                0x9d01f520                __vector_dispatch_25
                0x00000001                ASSERT (((_vector_spacing == 0x0) || (SIZEOF (.vector_25) <= (_vector_spacing << 0x5))), function at exception vector 25 too large)

.vector_26      0x9d01f540        0x8
 *(.vector_26)
 .vector_26     0x9d01f540        0x8 /Applications/microchip/xc32/v2.50/bin/bin/../../lib/gcc/pic32mx/4.8.3/../../../../pic32mx/lib/libpic32.a(vector26.o)
                0x9d01f540                __vector_dispatch_26
                0x00000001                ASSERT (((_vector_spacing == 0x0) || (SIZEOF (.vector_26) <= (_vector_spacing << 0x5))), function at exception vector 26 too large)

.vector_27      0x9d01f560        0x8
 *(.vector_27)
 .vector_27     0x9d01f560        0x8 /Applications/microchip/xc32/v2.50/bin/bin/../../lib/gcc/pic32mx/4.8.3/../../../../pic32mx/lib/libpic32.a(vector27.o)
                0x9d01f560                __vector_dispatch_27
                0x00000001                ASSERT (((_vector_spacing == 0x0) || (SIZEOF (.vector_27) <= (_vector_spacing << 0x5))), function at exception vector 27 too large)

.vector_28      0x9d01f580        0x8
 *(.vector_28)
 .vector_28     0x9d01f580        0x8 /Applications/microchip/xc32/v2.50/bin/bin/../../lib/gcc/pic32mx/4.8.3/../../../../pic32mx/lib/libpic32.a(vector28.o)
                0x9d01f580                __vector_dispatch_28
                0x00000001                ASSERT (((_vector_spacing == 0x0) || (SIZEOF (.vector_28) <= (_vector_spacing << 0x5))), function at exception vector 28 too large)

.vector_29      0x9d01f5a0        0x8
 *(.vector_29)
 .vector_29     0x9d01f5a0        0x8 /Applications/microchip/xc32/v2.50/bin/bin/../../lib/gcc/pic32mx/4.8.3/../../../../pic32mx/lib/libpic32.a(vector29.o)
                0x9d01f5a0                __vector_dispatch_29
                0x00000001                ASSERT (((_vector_spacing == 0x0) || (SIZEOF (.vector_29) <= (_vector_spacing << 0x5))), function at exception vector 29 too large)

.vector_30      0x9d01f5c0        0x8
 *(.vector_30)
 .vector_30     0x9d01f5c0        0x8 /Applications/microchip/xc32/v2.50/bin/bin/../../lib/gcc/pic32mx/4.8.3/../../../../pic32mx/lib/libpic32.a(vector30.o)
                0x9d01f5c0                __vector_dispatch_30
                0x00000001                ASSERT (((_vector_spacing == 0x0) || (SIZEOF (.vector_30) <= (_vector_spacing << 0x5))), function at exception vector 30 too large)

.vector_31      0x9d01f5e0        0x8
 *(.vector_31)
 .vector_31     0x9d01f5e0        0x8 /Applications/microchip/xc32/v2.50/bin/bin/../../lib/gcc/pic32mx/4.8.3/../../../../pic32mx/lib/libpic32.a(vector31.o)
                0x9d01f5e0                __vector_dispatch_31
                0x00000001                ASSERT (((_vector_spacing == 0x0) || (SIZEOF (.vector_31) <= (_vector_spacing << 0x5))), function at exception vector 31 too large)

.vector_32      0x9d01f600        0x8
 *(.vector_32)
 .vector_32     0x9d01f600        0x8 build/default/production/_ext/1171490990/interrupts.o
                0x9d01f600                __vector_dispatch_32
                0x00000001                ASSERT (((_vector_spacing == 0x0) || (SIZEOF (.vector_32) <= (_vector_spacing << 0x5))), function at exception vector 32 too large)

.vector_33      0x9d01f620        0x8
 *(.vector_33)
 .vector_33     0x9d01f620        0x8 /Applications/microchip/xc32/v2.50/bin/bin/../../lib/gcc/pic32mx/4.8.3/../../../../pic32mx/lib/libpic32.a(vector33.o)
                0x9d01f620                __vector_dispatch_33
                0x00000001                ASSERT (((_vector_spacing == 0x0) || (SIZEOF (.vector_33) <= (_vector_spacing << 0x5))), function at exception vector 33 too large)

.vector_34      0x9d01f640        0x8
 *(.vector_34)
 .vector_34     0x9d01f640        0x8 /Applications/microchip/xc32/v2.50/bin/bin/../../lib/gcc/pic32mx/4.8.3/../../../../pic32mx/lib/libpic32.a(vector34.o)
                0x9d01f640                __vector_dispatch_34
                0x00000001                ASSERT (((_vector_spacing == 0x0) || (SIZEOF (.vector_34) <= (_vector_spacing << 0x5))), function at exception vector 34 too large)

.vector_35      0x9d01f660        0x8
 *(.vector_35)
 .vector_35     0x9d01f660        0x8 /Applications/microchip/xc32/v2.50/bin/bin/../../lib/gcc/pic32mx/4.8.3/../../../../pic32mx/lib/libpic32.a(vector35.o)
                0x9d01f660                __vector_dispatch_35
                0x00000001                ASSERT (((_vector_spacing == 0x0) || (SIZEOF (.vector_35) <= (_vector_spacing << 0x5))), function at exception vector 35 too large)

.vector_36      0x9d01f680        0x8
 *(.vector_36)
 .vector_36     0x9d01f680        0x8 /Applications/microchip/xc32/v2.50/bin/bin/../../lib/gcc/pic32mx/4.8.3/../../../../pic32mx/lib/libpic32.a(vector36.o)
                0x9d01f680                __vector_dispatch_36
                0x00000001                ASSERT (((_vector_spacing == 0x0) || (SIZEOF (.vector_36) <= (_vector_spacing << 0x5))), function at exception vector 36 too large)

.vector_37      0x9d01f6a0        0x8
 *(.vector_37)
 .vector_37     0x9d01f6a0        0x8 /Applications/microchip/xc32/v2.50/bin/bin/../../lib/gcc/pic32mx/4.8.3/../../../../pic32mx/lib/libpic32.a(vector37.o)
                0x9d01f6a0                __vector_dispatch_37
                0x00000001                ASSERT (((_vector_spacing == 0x0) || (SIZEOF (.vector_37) <= (_vector_spacing << 0x5))), function at exception vector 37 too large)

.vector_38      0x9d01f6c0        0x8
 *(.vector_38)
 .vector_38     0x9d01f6c0        0x8 /Applications/microchip/xc32/v2.50/bin/bin/../../lib/gcc/pic32mx/4.8.3/../../../../pic32mx/lib/libpic32.a(vector38.o)
                0x9d01f6c0                __vector_dispatch_38
                0x00000001                ASSERT (((_vector_spacing == 0x0) || (SIZEOF (.vector_38) <= (_vector_spacing << 0x5))), function at exception vector 38 too large)

.vector_39      0x9d01f6e0        0x8
 *(.vector_39)
 .vector_39     0x9d01f6e0        0x8 /Applications/microchip/xc32/v2.50/bin/bin/../../lib/gcc/pic32mx/4.8.3/../../../../pic32mx/lib/libpic32.a(vector39.o)
                0x9d01f6e0                __vector_dispatch_39
                0x00000001                ASSERT (((_vector_spacing == 0x0) || (SIZEOF (.vector_39) <= (_vector_spacing << 0x5))), function at exception vector 39 too large)

.vector_40      0x9d01f700        0x8
 *(.vector_40)
 .vector_40     0x9d01f700        0x8 build/default/production/_ext/1171490990/interrupts.o
                0x9d01f700                __vector_dispatch_40
                0x00000001                ASSERT (((_vector_spacing == 0x0) || (SIZEOF (.vector_40) <= (_vector_spacing << 0x5))), function at exception vector 40 too large)

.vector_41      0x9d01f720        0x8
 *(.vector_41)
 .vector_41     0x9d01f720        0x8 /Applications/microchip/xc32/v2.50/bin/bin/../../lib/gcc/pic32mx/4.8.3/../../../../pic32mx/lib/libpic32.a(vector41.o)
                0x9d01f720                __vector_dispatch_41
                0x00000001                ASSERT (((_vector_spacing == 0x0) || (SIZEOF (.vector_41) <= (_vector_spacing << 0x5))), function at exception vector 41 too large)

.vector_42      0x9d01f740        0x8
 *(.vector_42)
 .vector_42     0x9d01f740        0x8 /Applications/microchip/xc32/v2.50/bin/bin/../../lib/gcc/pic32mx/4.8.3/../../../../pic32mx/lib/libpic32.a(vector42.o)
                0x9d01f740                __vector_dispatch_42
                0x00000001                ASSERT (((_vector_spacing == 0x0) || (SIZEOF (.vector_42) <= (_vector_spacing << 0x5))), function at exception vector 42 too large)

.vector_43      0x9d01f760        0x8
 *(.vector_43)
 .vector_43     0x9d01f760        0x8 /Applications/microchip/xc32/v2.50/bin/bin/../../lib/gcc/pic32mx/4.8.3/../../../../pic32mx/lib/libpic32.a(vector43.o)
                0x9d01f760                __vector_dispatch_43
                0x00000001                ASSERT (((_vector_spacing == 0x0) || (SIZEOF (.vector_43) <= (_vector_spacing << 0x5))), function at exception vector 43 too large)

.vector_44      0x9d01f780        0x0
 *(.vector_44)
                0x00000001                ASSERT (((_vector_spacing == 0x0) || (SIZEOF (.vector_44) <= (_vector_spacing << 0x5))), function at exception vector 44 too large)

.vector_45      0x9d01f7a0        0x0
 *(.vector_45)
                0x00000001                ASSERT (((_vector_spacing == 0x0) || (SIZEOF (.vector_45) <= (_vector_spacing << 0x5))), function at exception vector 45 too large)

.vector_46      0x9d01f7c0        0x0
 *(.vector_46)
                0x00000001                ASSERT (((_vector_spacing == 0x0) || (SIZEOF (.vector_46) <= (_vector_spacing << 0x5))), function at exception vector 46 too large)

.vector_47      0x9d01f7e0        0x0
 *(.vector_47)
                0x00000001                ASSERT (((_vector_spacing == 0x0) || (SIZEOF (.vector_47) <= (_vector_spacing << 0x5))), function at exception vector 47 too large)

.vector_48      0x9d01f800        0x0
 *(.vector_48)
                0x00000001                ASSERT (((_vector_spacing == 0x0) || (SIZEOF (.vector_48) <= (_vector_spacing << 0x5))), function at exception vector 48 too large)

.vector_49      0x9d01f820        0x0
 *(.vector_49)
                0x00000001                ASSERT (((_vector_spacing == 0x0) || (SIZEOF (.vector_49) <= (_vector_spacing << 0x5))), function at exception vector 49 too large)

.vector_50      0x9d01f840        0x0
 *(.vector_50)
                0x00000001                ASSERT (((_vector_spacing == 0x0) || (SIZEOF (.vector_50) <= (_vector_spacing << 0x5))), function at exception vector 50 too large)

.vector_51      0x9d01f860        0x0
 *(.vector_51)
                0x00000001                ASSERT (((_vector_spacing == 0x0) || (SIZEOF (.vector_51) <= (_vector_spacing << 0x5))), function at exception vector 51 too large)

.vector_52      0x9d01f880        0x0
 *(.vector_52)
                0x00000001                ASSERT (((_vector_spacing == 0x0) || (SIZEOF (.vector_52) <= (_vector_spacing << 0x5))), function at exception vector 52 too large)

.vector_53      0x9d01f8a0        0x0
 *(.vector_53)
                0x00000001                ASSERT (((_vector_spacing == 0x0) || (SIZEOF (.vector_53) <= (_vector_spacing << 0x5))), function at exception vector 53 too large)

.vector_54      0x9d01f8c0        0x0
 *(.vector_54)
                0x00000001                ASSERT (((_vector_spacing == 0x0) || (SIZEOF (.vector_54) <= (_vector_spacing << 0x5))), function at exception vector 54 too large)

.vector_55      0x9d01f8e0        0x0
 *(.vector_55)
                0x00000001                ASSERT (((_vector_spacing == 0x0) || (SIZEOF (.vector_55) <= (_vector_spacing << 0x5))), function at exception vector 55 too large)

.vector_56      0x9d01f900        0x0
 *(.vector_56)
                0x00000001                ASSERT (((_vector_spacing == 0x0) || (SIZEOF (.vector_56) <= (_vector_spacing << 0x5))), function at exception vector 56 too large)

.vector_57      0x9d01f920        0x0
 *(.vector_57)
                0x00000001                ASSERT (((_vector_spacing == 0x0) || (SIZEOF (.vector_57) <= (_vector_spacing << 0x5))), function at exception vector 57 too large)

.vector_58      0x9d01f940        0x0
 *(.vector_58)
                0x00000001                ASSERT (((_vector_spacing == 0x0) || (SIZEOF (.vector_58) <= (_vector_spacing << 0x5))), function at exception vector 58 too large)

.vector_59      0x9d01f960        0x0
 *(.vector_59)
                0x00000001                ASSERT (((_vector_spacing == 0x0) || (SIZEOF (.vector_59) <= (_vector_spacing << 0x5))), function at exception vector 59 too large)

.vector_60      0x9d01f980        0x0
 *(.vector_60)
                0x00000001                ASSERT (((_vector_spacing == 0x0) || (SIZEOF (.vector_60) <= (_vector_spacing << 0x5))), function at exception vector 60 too large)

.vector_61      0x9d01f9a0        0x0
 *(.vector_61)
                0x00000001                ASSERT (((_vector_spacing == 0x0) || (SIZEOF (.vector_61) <= (_vector_spacing << 0x5))), function at exception vector 61 too large)

.vector_62      0x9d01f9c0        0x0
 *(.vector_62)
                0x00000001                ASSERT (((_vector_spacing == 0x0) || (SIZEOF (.vector_62) <= (_vector_spacing << 0x5))), function at exception vector 62 too large)

.vector_63      0x9d01f9e0        0x0
 *(.vector_63)
                0x00000001                ASSERT (((_vector_spacing == 0x0) || (SIZEOF (.vector_63) <= (_vector_spacing << 0x5))), function at exception vector 63 too large)

.startup
 *(.startup)

.text           0x9d000000        0x0
 *(.stub .gnu.linkonce.t.*)
 *(.text.*personality*)
 *(.mips16.fn.*)
 *(.mips16.call.*)
 *(.gnu.warning)
                0x9d000000                . = ALIGN (0x4)

.init           0x9d000000        0x0
 *crti.o(.init)
 *crtbegin.o(.init)
 *(EXCLUDE_FILE(*crtn.o *crtend?.o *crtend.o) .init)
 *crtend.o(.init)
 *crtn.o(.init)
                0x9d000000                . = ALIGN (0x4)

.fini           0x9d000000        0x0
 *(.fini)
                0x9d000000                . = ALIGN (0x4)

.preinit_array  0x9d000000        0x0
                0x9d000000                PROVIDE (__preinit_array_start, .)
 *(.preinit_array)
                0x9d000000                PROVIDE (__preinit_array_end, .)
                0x9d000000                . = ALIGN (0x4)

.init_array     0x9d000000        0x0
                0x9d000000                PROVIDE (__init_array_start, .)
 *(SORT(.init_array.*))
 *(.init_array)
                0x9d000000                PROVIDE (__init_array_end, .)
                0x9d000000                . = ALIGN (0x4)

.fini_array     0x9d000000        0x0
                0x9d000000                PROVIDE (__fini_array_start, .)
 *(SORT(.fini_array.*))
 *(.fini_array)
                0x9d000000                PROVIDE (__fini_array_end, .)
                0x9d000000                . = ALIGN (0x4)

.ctors          0x9d000000        0x0
 *crtbegin.o(.ctors)
 *crtbegin?.o(.ctors)
 *(EXCLUDE_FILE(*crtend?.o *crtend.o) .ctors)
 *(SORT(.ctors.*))
 *(.ctors)
                0x9d000000                . = ALIGN (0x4)

.dtors          0x9d000000        0x0
 *crtbegin.o(.dtors)
 *crtbegin?.o(.dtors)
 *(EXCLUDE_FILE(*crtend?.o *crtend.o) .dtors)
 *(SORT(.dtors.*))
 *(.dtors)
                0x9d000000                . = ALIGN (0x4)

.rodata         0x9d000000        0x0
 *(.gnu.linkonce.r.*)
 *(.rodata1)
                0x9d000000                . = ALIGN (0x4)

.sdata2         0x9fc00490        0x0
 *(.sdata2 .sdata2.* .gnu.linkonce.s2.*)
                0x9fc00490                . = ALIGN (0x4)

.sbss2          0x9fc00490        0x0
 *(.sbss2 .sbss2.* .gnu.linkonce.sb2.*)
                0x9fc00490                . = ALIGN (0x4)

.eh_frame_hdr
 *(.eh_frame_hdr)
                0x9fc00490                . = ALIGN (0x4)

.eh_frame
 *(.eh_frame)
                0x9fc00490                . = ALIGN (0x4)

.gcc_except_table
 *(.gcc_except_table .gcc_except_table.*)
                0x9fc00490                . = ALIGN (0x4)

.dbg_data       0xa0000000        0x0
                0xa0000000                . = (. + DEFINED (_DEBUGGER)?0x200:0x0)

.jcr            0xa0000000        0x0
 *(.jcr)
                0xa0000000                . = ALIGN (0x4)

.eh_frame
 *(.eh_frame)
                0xa0000000                . = ALIGN (0x4)

.gcc_except_table
 *(.gcc_except_table .gcc_except_table.*)
                0xa0000000                . = ALIGN (0x4)

.persist        0xa0000000        0x0
                0xa0000000                _persist_begin = .
 *(.persist .persist.*)
                0xa0000000                . = ALIGN (0x4)
                0xa0000000                _persist_end = .

.data           0xa0000000        0x0
 *(.gnu.linkonce.d.*)
 *(.data1)
                0xa0000000                . = ALIGN (0x4)
                0xa0000000                . = .
                0xa0007ff0                _gp = (ALIGN (0x10) + 0x7ff0)

.got            0xa0000000        0x0
 *(.got.plt)
 *(.got)
                0xa0000000                . = ALIGN (0x4)

.sdata          0xa0000000        0x0
                0xa0000000                _sdata_begin = .
 *(.sdata .sdata.* .gnu.linkonce.s.*)
                0xa0000000                . = ALIGN (0x4)
                0xa0000000                _sdata_end = .

.lit8
 *(.lit8)

.lit4
 *(.lit4)
                0xa0000000                . = ALIGN (0x4)
                0xa0000000                _data_end = .
                0xa0000000                _bss_begin = .

.sbss           0xa0000000       0x1c
                0xa0000000                _sbss_begin = .
 *(.dynsbss)
 *(.sbss .sbss.* .gnu.linkonce.sb.*)
 .sbss          0xa0000000        0x8 build/default/production/_ext/1171490990/exceptions.o
 *(.scommon)
 .scommon       0xa0000008        0x4 build/default/production/_ext/1171490990/initialization.o
                0xa0000008                sysObj
 .scommon       0xa000000c        0xc build/default/production/_ext/1360937237/user.o
                0xa000000c                lastData
                0xa000000d                dataPos
                0xa000000e                myGrn
                0xa000000f                myBlu
                0xa0000010                aCnt
                0xa0000011                myRed
                0xa0000014                myData
                0xa0000016                frameCount
                0xa0000017                firstReset
 .scommon       0xa0000018        0x4 build/default/production/_ext/1360937237/garapico_led.o
                0xa0000018                garapico_ledData
                0xa000001c                _sbss_end = .
                0xa000001c                . = ALIGN (0x4)

.bss            0xa000001c      0xc40
 *(.dynbss)
 *(COMMON)
 COMMON         0xa000001c       0x30 build/default/production/_ext/1865657120/plib_uart1.o
                0xa000001c                uart1Obj
 COMMON         0xa000004c      0xc00 build/default/production/_ext/1360937237/user.o
                0xa000004c                grn
                0xa000044c                red
                0xa000084c                blu
 COMMON         0xa0000c4c       0x10 build/default/production/_ext/1360937237/serial_rcv.o
                0xa0000c4c                serial_rcvData
                0xa0000c5c                . = ALIGN ((. != 0x0)?0x4:0x1)
                0xa0000c5c                . = ALIGN (0x4)
                0xa0000c5c                _end = .
                0xa0000c5c                _bss_end = .
                0x00008000                _bmxdudba_address = 0x8000
                0x00008000                _bmxdupba_address = 0x8000

/DISCARD/
 *(.pdr)
 *(.rel.dyn)
 *(.note.GNU-stack)
 *(.note.GNU-stack)
 *(.gnu_debuglink)
 *(.gnu.lto_*)
 *(.discard)

.gptab.sdata
 *(.gptab.data)
 *(.gptab.sdata)

.gptab.sbss
 *(.gptab.bss)
 *(.gptab.sbss)

.mdebug.abi32   0x00000000        0x0
 *(.mdebug.abi32)
 .mdebug.abi32  0x00000000        0x0 build/default/production/_ext/869808652/drv_usart.o
 .mdebug.abi32  0x00000000        0x0 build/default/production/_ext/60165520/plib_clk.o
 .mdebug.abi32  0x00000000        0x0 build/default/production/_ext/1865161661/plib_dmac.o
 .mdebug.abi32  0x00000000        0x0 build/default/production/_ext/1865200349/plib_evic.o
 .mdebug.abi32  0x00000000        0x0 build/default/production/_ext/1865254177/plib_gpio.o
 .mdebug.abi32  0x00000000        0x0 build/default/production/_ext/1865657120/plib_uart1.o
 .mdebug.abi32  0x00000000        0x0 build/default/production/_ext/163028504/xc32_monitor.o
 .mdebug.abi32  0x00000000        0x0 build/default/production/_ext/14461671/sys_dma.o
 .mdebug.abi32  0x00000000        0x0 build/default/production/_ext/1881668453/sys_int.o
 .mdebug.abi32  0x00000000        0x0 build/default/production/_ext/1171490990/initialization.o
 .mdebug.abi32  0x00000000        0x0 build/default/production/_ext/1171490990/interrupts.o
 .mdebug.abi32  0x00000000        0x0 build/default/production/_ext/1171490990/exceptions.o
 .mdebug.abi32  0x00000000        0x0 build/default/production/_ext/1171490990/tasks.o
 .mdebug.abi32  0x00000000        0x0 build/default/production/_ext/1360937237/main.o
 .mdebug.abi32  0x00000000        0x0 build/default/production/_ext/1360937237/user.o
 .mdebug.abi32  0x00000000        0x0 build/default/production/_ext/1360937237/serial_rcv.o
 .mdebug.abi32  0x00000000        0x0 build/default/production/_ext/1360937237/garapico_led.o
 .mdebug.abi32  0x00000000        0x0 /Applications/microchip/xc32/v2.50/bin/bin/../../lib/gcc/pic32mx/4.8.3/../../../../pic32mx/lib/libpic32.a(default-on-reset.o)
 .mdebug.abi32  0x00000000        0x0 /Applications/microchip/xc32/v2.50/bin/bin/../../lib/gcc/pic32mx/4.8.3/../../../../pic32mx/lib/libpic32.a(default-on-bootstrap.o)
 .mdebug.abi32  0x00000000        0x0 /Applications/microchip/xc32/v2.50/bin/bin/../../lib/gcc/pic32mx/4.8.3/../../../../pic32mx/lib/libpic32.a(defaultinterrupt.o)

.mdebug.abiN32
 *(.mdebug.abiN32)

.mdebug.abi64
 *(.mdebug.abi64)

.mdebug.abiO64
 *(.mdebug.abiO64)

.mdebug.eabi32
 *(.mdebug.eabi32)

.mdebug.eabi64
 *(.mdebug.eabi64)

.gcc_compiled_long32
 *(.gcc_compiled_long32)

.gcc_compiled_long64
 *(.gcc_compiled_long64)

.stab
 *(.stab)

.stabstr
 *(.stabstr)

.stab.excl
 *(.stab.excl)

.stab.exclstr
 *(.stab.exclstr)

.stab.index
 *(.stab.index)

.stab.indexstr
 *(.stab.indexstr)

.comment        0x00000000       0x3c
 *(.comment)
 .comment       0x00000000       0x3c build/default/production/_ext/869808652/drv_usart.o
                                 0x3d (size before relaxing)
 .comment       0x00000000       0x3d build/default/production/_ext/60165520/plib_clk.o
 .comment       0x00000000       0x3d build/default/production/_ext/1865161661/plib_dmac.o
 .comment       0x00000000       0x3d build/default/production/_ext/1865200349/plib_evic.o
 .comment       0x00000000       0x3d build/default/production/_ext/1865254177/plib_gpio.o
 .comment       0x00000000       0x3d build/default/production/_ext/1865657120/plib_uart1.o
 .comment       0x00000000       0x3d build/default/production/_ext/163028504/xc32_monitor.o
 .comment       0x00000000       0x3d build/default/production/_ext/14461671/sys_dma.o
 .comment       0x00000000       0x3d build/default/production/_ext/1881668453/sys_int.o
 .comment       0x00000000       0x3d build/default/production/_ext/1171490990/initialization.o
 .comment       0x00000000       0x3d build/default/production/_ext/1171490990/interrupts.o
 .comment       0x00000000       0x3d build/default/production/_ext/1171490990/exceptions.o
 .comment       0x00000000       0x3d build/default/production/_ext/1171490990/tasks.o
 .comment       0x00000000       0x3d build/default/production/_ext/1360937237/main.o
 .comment       0x00000000       0x3d build/default/production/_ext/1360937237/user.o
 .comment       0x00000000       0x3d build/default/production/_ext/1360937237/serial_rcv.o
 .comment       0x00000000       0x3d build/default/production/_ext/1360937237/garapico_led.o
 .comment       0x00000000       0x3d /Applications/microchip/xc32/v2.50/bin/bin/../../lib/gcc/pic32mx/4.8.3/../../../../pic32mx/lib/libpic32.a(default-on-reset.o)
 .comment       0x00000000       0x3d /Applications/microchip/xc32/v2.50/bin/bin/../../lib/gcc/pic32mx/4.8.3/../../../../pic32mx/lib/libpic32.a(default-on-bootstrap.o)
 .comment       0x00000000       0x3d /Applications/microchip/xc32/v2.50/bin/bin/../../lib/gcc/pic32mx/4.8.3/../../../../pic32mx/lib/libpic32.a(defaultinterrupt.o)

.debug
 *.elf(.debug)
 *(.debug)

.line
 *.elf(.line)
 *(.line)

.debug_srcinfo
 *.elf(.debug_srcinfo)
 *(.debug_srcinfo)

.debug_sfnames
 *.elf(.debug_sfnames)
 *(.debug_sfnames)

.debug_aranges  0x00000000      0x4f8
 *.elf(.debug_aranges)
 *(.debug_aranges)
 .debug_aranges
                0x00000000      0x110 build/default/production/_ext/869808652/drv_usart.o
 .debug_aranges
                0x00000110       0x20 build/default/production/_ext/60165520/plib_clk.o
 .debug_aranges
                0x00000130       0x48 build/default/production/_ext/1865161661/plib_dmac.o
 .debug_aranges
                0x00000178       0x50 build/default/production/_ext/1865200349/plib_evic.o
 .debug_aranges
                0x000001c8       0x60 build/default/production/_ext/1865254177/plib_gpio.o
 .debug_aranges
                0x00000228       0x80 build/default/production/_ext/1865657120/plib_uart1.o
 .debug_aranges
                0x000002a8       0x28 build/default/production/_ext/163028504/xc32_monitor.o
 .debug_aranges
                0x000002d0       0x30 build/default/production/_ext/14461671/sys_dma.o
 .debug_aranges
                0x00000300       0x40 build/default/production/_ext/1881668453/sys_int.o
 .debug_aranges
                0x00000340       0x20 build/default/production/_ext/1171490990/initialization.o
 .debug_aranges
                0x00000360       0x28 build/default/production/_ext/1171490990/interrupts.o
 .debug_aranges
                0x00000388       0x28 build/default/production/_ext/1171490990/exceptions.o
 .debug_aranges
                0x000003b0       0x20 build/default/production/_ext/1171490990/tasks.o
 .debug_aranges
                0x000003d0       0x20 build/default/production/_ext/1360937237/main.o
 .debug_aranges
                0x000003f0       0x50 build/default/production/_ext/1360937237/user.o
 .debug_aranges
                0x00000440       0x30 build/default/production/_ext/1360937237/serial_rcv.o
 .debug_aranges
                0x00000470       0x28 build/default/production/_ext/1360937237/garapico_led.o
 .debug_aranges
                0x00000498       0x20 /Applications/microchip/xc32/v2.50/bin/bin/../../lib/gcc/pic32mx/4.8.3/../../../../pic32mx/lib/libpic32.a(default-on-reset.o)
 .debug_aranges
                0x000004b8       0x20 /Applications/microchip/xc32/v2.50/bin/bin/../../lib/gcc/pic32mx/4.8.3/../../../../pic32mx/lib/libpic32.a(default-on-bootstrap.o)
 .debug_aranges
                0x000004d8       0x20 /Applications/microchip/xc32/v2.50/bin/bin/../../lib/gcc/pic32mx/4.8.3/../../../../pic32mx/lib/libpic32.a(defaultinterrupt.o)

.debug_pubnames
 *.elf(.debug_pubnames)
 *(.debug_pubnames)

.debug_info     0x00000000     0xaca9
 *.elf(.debug_info .gnu.linkonce.wi.*)
 *(.debug_info .gnu.linkonce.wi.*)
 .debug_info    0x00000000     0x3bf3 build/default/production/_ext/869808652/drv_usart.o
 .debug_info    0x00003bf3      0x20c build/default/production/_ext/60165520/plib_clk.o
 .debug_info    0x00003dff      0x996 build/default/production/_ext/1865161661/plib_dmac.o
 .debug_info    0x00004795      0xa63 build/default/production/_ext/1865200349/plib_evic.o
 .debug_info    0x000051f8      0x571 build/default/production/_ext/1865254177/plib_gpio.o
 .debug_info    0x00005769      0xac6 build/default/production/_ext/1865657120/plib_uart1.o
 .debug_info    0x0000622f      0x12b build/default/production/_ext/163028504/xc32_monitor.o
 .debug_info    0x0000635a      0x6f5 build/default/production/_ext/14461671/sys_dma.o
 .debug_info    0x00006a4f      0x9f2 build/default/production/_ext/1881668453/sys_int.o
 .debug_info    0x00007441     0x1545 build/default/production/_ext/1171490990/initialization.o
 .debug_info    0x00008986      0x20c build/default/production/_ext/1171490990/interrupts.o
 .debug_info    0x00008b92      0x2cb build/default/production/_ext/1171490990/exceptions.o
 .debug_info    0x00008e5d      0x1d4 build/default/production/_ext/1171490990/tasks.o
 .debug_info    0x00009031      0x1ce build/default/production/_ext/1360937237/main.o
 .debug_info    0x000091ff      0x737 build/default/production/_ext/1360937237/user.o
 .debug_info    0x00009936      0x592 build/default/production/_ext/1360937237/serial_rcv.o
 .debug_info    0x00009ec8      0xb58 build/default/production/_ext/1360937237/garapico_led.o
 .debug_info    0x0000aa20       0xcd /Applications/microchip/xc32/v2.50/bin/bin/../../lib/gcc/pic32mx/4.8.3/../../../../pic32mx/lib/libpic32.a(default-on-reset.o)
 .debug_info    0x0000aaed       0xd5 /Applications/microchip/xc32/v2.50/bin/bin/../../lib/gcc/pic32mx/4.8.3/../../../../pic32mx/lib/libpic32.a(default-on-bootstrap.o)
 .debug_info    0x0000abc2       0xe7 /Applications/microchip/xc32/v2.50/bin/bin/../../lib/gcc/pic32mx/4.8.3/../../../../pic32mx/lib/libpic32.a(defaultinterrupt.o)

.debug_abbrev   0x00000000     0x177e
 *.elf(.debug_abbrev)
 *(.debug_abbrev)
 .debug_abbrev  0x00000000      0x4be build/default/production/_ext/869808652/drv_usart.o
 .debug_abbrev  0x000004be       0x5e build/default/production/_ext/60165520/plib_clk.o
 .debug_abbrev  0x0000051c      0x257 build/default/production/_ext/1865161661/plib_dmac.o
 .debug_abbrev  0x00000773       0xef build/default/production/_ext/1865200349/plib_evic.o
 .debug_abbrev  0x00000862      0x11a build/default/production/_ext/1865254177/plib_gpio.o
 .debug_abbrev  0x0000097c      0x23b build/default/production/_ext/1865657120/plib_uart1.o
 .debug_abbrev  0x00000bb7       0x66 build/default/production/_ext/163028504/xc32_monitor.o
 .debug_abbrev  0x00000c1d      0x14e build/default/production/_ext/14461671/sys_dma.o
 .debug_abbrev  0x00000d6b      0x123 build/default/production/_ext/1881668453/sys_int.o
 .debug_abbrev  0x00000e8e      0x243 build/default/production/_ext/1171490990/initialization.o
 .debug_abbrev  0x000010d1       0x57 build/default/production/_ext/1171490990/interrupts.o
 .debug_abbrev  0x00001128       0x6b build/default/production/_ext/1171490990/exceptions.o
 .debug_abbrev  0x00001193       0x57 build/default/production/_ext/1171490990/tasks.o
 .debug_abbrev  0x000011ea       0x93 build/default/production/_ext/1360937237/main.o
 .debug_abbrev  0x0000127d      0x1a9 build/default/production/_ext/1360937237/user.o
 .debug_abbrev  0x00001426      0x17c build/default/production/_ext/1360937237/serial_rcv.o
 .debug_abbrev  0x000015a2      0x164 build/default/production/_ext/1360937237/garapico_led.o
 .debug_abbrev  0x00001706       0x28 /Applications/microchip/xc32/v2.50/bin/bin/../../lib/gcc/pic32mx/4.8.3/../../../../pic32mx/lib/libpic32.a(default-on-reset.o)
 .debug_abbrev  0x0000172e       0x28 /Applications/microchip/xc32/v2.50/bin/bin/../../lib/gcc/pic32mx/4.8.3/../../../../pic32mx/lib/libpic32.a(default-on-bootstrap.o)
 .debug_abbrev  0x00001756       0x28 /Applications/microchip/xc32/v2.50/bin/bin/../../lib/gcc/pic32mx/4.8.3/../../../../pic32mx/lib/libpic32.a(defaultinterrupt.o)

.debug_line     0x00000000     0x2d9c
 *.elf(.debug_line)
 *(.debug_line)
 .debug_line    0x00000000      0x983 build/default/production/_ext/869808652/drv_usart.o
 .debug_line    0x00000983      0x159 build/default/production/_ext/60165520/plib_clk.o
 .debug_line    0x00000adc      0x2ab build/default/production/_ext/1865161661/plib_dmac.o
 .debug_line    0x00000d87      0x1da build/default/production/_ext/1865200349/plib_evic.o
 .debug_line    0x00000f61      0x1fa build/default/production/_ext/1865254177/plib_gpio.o
 .debug_line    0x0000115b      0x337 build/default/production/_ext/1865657120/plib_uart1.o
 .debug_line    0x00001492       0xaa build/default/production/_ext/163028504/xc32_monitor.o
 .debug_line    0x0000153c      0x194 build/default/production/_ext/14461671/sys_dma.o
 .debug_line    0x000016d0      0x1ae build/default/production/_ext/1881668453/sys_int.o
 .debug_line    0x0000187e      0x6af build/default/production/_ext/1171490990/initialization.o
 .debug_line    0x00001f2d       0xaf build/default/production/_ext/1171490990/interrupts.o
 .debug_line    0x00001fdc       0xa7 build/default/production/_ext/1171490990/exceptions.o
 .debug_line    0x00002083       0xfc build/default/production/_ext/1171490990/tasks.o
 .debug_line    0x0000217f       0xe6 build/default/production/_ext/1360937237/main.o
 .debug_line    0x00002265      0x3d4 build/default/production/_ext/1360937237/user.o
 .debug_line    0x00002639      0x2d1 build/default/production/_ext/1360937237/serial_rcv.o
 .debug_line    0x0000290a      0x2c3 build/default/production/_ext/1360937237/garapico_led.o
 .debug_line    0x00002bcd       0x93 /Applications/microchip/xc32/v2.50/bin/bin/../../lib/gcc/pic32mx/4.8.3/../../../../pic32mx/lib/libpic32.a(default-on-reset.o)
 .debug_line    0x00002c60       0x97 /Applications/microchip/xc32/v2.50/bin/bin/../../lib/gcc/pic32mx/4.8.3/../../../../pic32mx/lib/libpic32.a(default-on-bootstrap.o)
 .debug_line    0x00002cf7       0xa5 /Applications/microchip/xc32/v2.50/bin/bin/../../lib/gcc/pic32mx/4.8.3/../../../../pic32mx/lib/libpic32.a(defaultinterrupt.o)

.debug_frame    0x00000000      0xa70
 *.elf(.debug_frame)
 *(.debug_frame)
 .debug_frame   0x00000000      0x384 build/default/production/_ext/869808652/drv_usart.o
 .debug_frame   0x00000384       0x20 build/default/production/_ext/60165520/plib_clk.o
 .debug_frame   0x000003a4       0x84 build/default/production/_ext/1865161661/plib_dmac.o
 .debug_frame   0x00000428       0x80 build/default/production/_ext/1865200349/plib_evic.o
 .debug_frame   0x000004a8       0xa0 build/default/production/_ext/1865254177/plib_gpio.o
 .debug_frame   0x00000548       0xfc build/default/production/_ext/1865657120/plib_uart1.o
 .debug_frame   0x00000644       0x30 build/default/production/_ext/163028504/xc32_monitor.o
 .debug_frame   0x00000674       0x4c build/default/production/_ext/14461671/sys_dma.o
 .debug_frame   0x000006c0       0xa0 build/default/production/_ext/1881668453/sys_int.o
 .debug_frame   0x00000760       0x2c build/default/production/_ext/1171490990/initialization.o
 .debug_frame   0x0000078c       0xa0 build/default/production/_ext/1171490990/interrupts.o
 .debug_frame   0x0000082c       0x40 build/default/production/_ext/1171490990/exceptions.o
 .debug_frame   0x0000086c       0x2c build/default/production/_ext/1171490990/tasks.o
 .debug_frame   0x00000898       0x28 build/default/production/_ext/1360937237/main.o
 .debug_frame   0x000008c0       0xb8 build/default/production/_ext/1360937237/user.o
 .debug_frame   0x00000978       0x5c build/default/production/_ext/1360937237/serial_rcv.o
 .debug_frame   0x000009d4       0x3c build/default/production/_ext/1360937237/garapico_led.o
 .debug_frame   0x00000a10       0x20 /Applications/microchip/xc32/v2.50/bin/bin/../../lib/gcc/pic32mx/4.8.3/../../../../pic32mx/lib/libpic32.a(default-on-reset.o)
 .debug_frame   0x00000a30       0x20 /Applications/microchip/xc32/v2.50/bin/bin/../../lib/gcc/pic32mx/4.8.3/../../../../pic32mx/lib/libpic32.a(default-on-bootstrap.o)
 .debug_frame   0x00000a50       0x20 /Applications/microchip/xc32/v2.50/bin/bin/../../lib/gcc/pic32mx/4.8.3/../../../../pic32mx/lib/libpic32.a(defaultinterrupt.o)

.debug_str      0x00000000      0x1e5
 *.elf(.debug_str)
 *(.debug_str)
 .debug_str     0x00000000      0x16f build/default/production/_ext/869808652/drv_usart.o
 .debug_str     0x0000016f        0x0 build/default/production/_ext/60165520/plib_clk.o
 .debug_str     0x0000016f       0x11 build/default/production/_ext/1865161661/plib_dmac.o
 .debug_str     0x00000180        0x7 build/default/production/_ext/1865200349/plib_evic.o
 .debug_str     0x00000187        0xa build/default/production/_ext/1865254177/plib_gpio.o
 .debug_str     0x00000191       0x10 build/default/production/_ext/1865657120/plib_uart1.o
 .debug_str     0x000001a1        0x0 build/default/production/_ext/163028504/xc32_monitor.o
 .debug_str     0x000001a1       0x1f build/default/production/_ext/14461671/sys_dma.o
 .debug_str     0x000001c0        0x0 build/default/production/_ext/1881668453/sys_int.o
 .debug_str     0x000001c0       0x25 build/default/production/_ext/1171490990/initialization.o
 .debug_str     0x000001e5        0x0 build/default/production/_ext/1171490990/interrupts.o
 .debug_str     0x000001e5        0x0 build/default/production/_ext/1171490990/exceptions.o
 .debug_str     0x000001e5        0x0 build/default/production/_ext/1171490990/tasks.o
 .debug_str     0x000001e5        0x0 build/default/production/_ext/1360937237/main.o
 .debug_str     0x000001e5        0x0 build/default/production/_ext/1360937237/user.o
 .debug_str     0x000001e5        0x0 build/default/production/_ext/1360937237/serial_rcv.o
 .debug_str     0x000001e5        0x0 build/default/production/_ext/1360937237/garapico_led.o
 .debug_str     0x000001e5        0x0 /Applications/microchip/xc32/v2.50/bin/bin/../../lib/gcc/pic32mx/4.8.3/../../../../pic32mx/lib/libpic32.a(default-on-reset.o)
 .debug_str     0x000001e5        0x0 /Applications/microchip/xc32/v2.50/bin/bin/../../lib/gcc/pic32mx/4.8.3/../../../../pic32mx/lib/libpic32.a(default-on-bootstrap.o)
 .debug_str     0x000001e5        0x0 /Applications/microchip/xc32/v2.50/bin/bin/../../lib/gcc/pic32mx/4.8.3/../../../../pic32mx/lib/libpic32.a(defaultinterrupt.o)

.debug_loc      0x00000000     0x2e05
 *.elf(.debug_loc)
 *(.debug_loc)
 .debug_loc     0x00000000     0x17d4 build/default/production/_ext/869808652/drv_usart.o
 .debug_loc     0x000017d4      0x5c1 build/default/production/_ext/1865161661/plib_dmac.o
 .debug_loc     0x00001d95       0xc4 build/default/production/_ext/1865200349/plib_evic.o
 .debug_loc     0x00001e59      0x129 build/default/production/_ext/1865254177/plib_gpio.o
 .debug_loc     0x00001f82      0x392 build/default/production/_ext/1865657120/plib_uart1.o
 .debug_loc     0x00002314      0x22a build/default/production/_ext/14461671/sys_dma.o
 .debug_loc     0x0000253e       0xc1 build/default/production/_ext/1881668453/sys_int.o
 .debug_loc     0x000025ff       0x21 build/default/production/_ext/1171490990/initialization.o
 .debug_loc     0x00002620      0x79c build/default/production/_ext/1360937237/user.o
 .debug_loc     0x00002dbc       0x35 build/default/production/_ext/1360937237/serial_rcv.o
 .debug_loc     0x00002df1       0x14 build/default/production/_ext/1360937237/garapico_led.o

.debug_macinfo
 *.elf(.debug_macinfo)
 *(.debug_macinfo)

.debug_weaknames
 *.elf(.debug_weaknames)
 *(.debug_weaknames)

.debug_funcnames
 *.elf(.debug_funcnames)
 *(.debug_funcnames)

.debug_typenames
 *.elf(.debug_typenames)
 *(.debug_typenames)

.debug_varnames
 *.elf(.debug_varnames)
 *(.debug_varnames)

.debug_pubtypes
 *.elf(.debug_pubtypes)
 *(.debug_pubtypes)

.debug_ranges   0x00000000      0x490
 *.elf(.debug_ranges)
 *(.debug_ranges)
 .debug_ranges  0x00000000      0x170 build/default/production/_ext/869808652/drv_usart.o
 .debug_ranges  0x00000170       0x10 build/default/production/_ext/60165520/plib_clk.o
 .debug_ranges  0x00000180       0x80 build/default/production/_ext/1865161661/plib_dmac.o
 .debug_ranges  0x00000200       0x40 build/default/production/_ext/1865200349/plib_evic.o
 .debug_ranges  0x00000240       0x50 build/default/production/_ext/1865254177/plib_gpio.o
 .debug_ranges  0x00000290       0x90 build/default/production/_ext/1865657120/plib_uart1.o
 .debug_ranges  0x00000320       0x18 build/default/production/_ext/163028504/xc32_monitor.o
 .debug_ranges  0x00000338       0x20 build/default/production/_ext/14461671/sys_dma.o
 .debug_ranges  0x00000358       0x30 build/default/production/_ext/1881668453/sys_int.o
 .debug_ranges  0x00000388       0x10 build/default/production/_ext/1171490990/initialization.o
 .debug_ranges  0x00000398       0x18 build/default/production/_ext/1171490990/interrupts.o
 .debug_ranges  0x000003b0       0x18 build/default/production/_ext/1171490990/exceptions.o
 .debug_ranges  0x000003c8       0x10 build/default/production/_ext/1171490990/tasks.o
 .debug_ranges  0x000003d8       0x10 build/default/production/_ext/1360937237/main.o
 .debug_ranges  0x000003e8       0x40 build/default/production/_ext/1360937237/user.o
 .debug_ranges  0x00000428       0x20 build/default/production/_ext/1360937237/serial_rcv.o
 .debug_ranges  0x00000448       0x18 build/default/production/_ext/1360937237/garapico_led.o
 .debug_ranges  0x00000460       0x10 /Applications/microchip/xc32/v2.50/bin/bin/../../lib/gcc/pic32mx/4.8.3/../../../../pic32mx/lib/libpic32.a(default-on-reset.o)
 .debug_ranges  0x00000470       0x10 /Applications/microchip/xc32/v2.50/bin/bin/../../lib/gcc/pic32mx/4.8.3/../../../../pic32mx/lib/libpic32.a(default-on-bootstrap.o)
 .debug_ranges  0x00000480       0x10 /Applications/microchip/xc32/v2.50/bin/bin/../../lib/gcc/pic32mx/4.8.3/../../../../pic32mx/lib/libpic32.a(defaultinterrupt.o)

.gnu.attributes
                0x00000000       0x10
 *(.gnu.attributes)
 .gnu.attributes
                0x00000000       0x10 build/default/production/_ext/869808652/drv_usart.o
 .gnu.attributes
                0x00000010       0x10 build/default/production/_ext/60165520/plib_clk.o
 .gnu.attributes
                0x00000020       0x10 build/default/production/_ext/1865161661/plib_dmac.o
 .gnu.attributes
                0x00000030       0x10 build/default/production/_ext/1865200349/plib_evic.o
 .gnu.attributes
                0x00000040       0x10 build/default/production/_ext/1865254177/plib_gpio.o
 .gnu.attributes
                0x00000050       0x10 build/default/production/_ext/1865657120/plib_uart1.o
 .gnu.attributes
                0x00000060       0x10 build/default/production/_ext/163028504/xc32_monitor.o
 .gnu.attributes
                0x00000070       0x10 build/default/production/_ext/14461671/sys_dma.o
 .gnu.attributes
                0x00000080       0x10 build/default/production/_ext/1881668453/sys_int.o
 .gnu.attributes
                0x00000090       0x10 build/default/production/_ext/1171490990/initialization.o
 .gnu.attributes
                0x000000a0       0x10 build/default/production/_ext/1171490990/interrupts.o
 .gnu.attributes
                0x000000b0       0x10 build/default/production/_ext/1171490990/exceptions.o
 .gnu.attributes
                0x000000c0       0x10 build/default/production/_ext/1171490990/tasks.o
 .gnu.attributes
                0x000000d0       0x10 build/default/production/_ext/1360937237/main.o
 .gnu.attributes
                0x000000e0       0x10 build/default/production/_ext/1360937237/user.o
 .gnu.attributes
                0x000000f0       0x10 build/default/production/_ext/1360937237/serial_rcv.o
 .gnu.attributes
                0x00000100       0x10 build/default/production/_ext/1360937237/garapico_led.o
 .gnu.attributes
                0x00000110       0x10 /Applications/microchip/xc32/v2.50/bin/bin/../../lib/gcc/pic32mx/4.8.3/../../../../pic32mx/lib/libpic32.a(default-on-reset.o)
 .gnu.attributes
                0x00000120       0x10 /Applications/microchip/xc32/v2.50/bin/bin/../../lib/gcc/pic32mx/4.8.3/../../../../pic32mx/lib/libpic32.a(default-on-bootstrap.o)
 .gnu.attributes
                0x00000130       0x10 /Applications/microchip/xc32/v2.50/bin/bin/../../lib/gcc/pic32mx/4.8.3/../../../../pic32mx/lib/libpic32.a(defaultinterrupt.o)
                0x00000200                _min_heap_size = 0x200
LOAD /var/folders/xv/v1flr2693k32qg7v7rslsw_h0000gn/T//ccQ2hFCI.o
LOAD /var/folders/xv/v1flr2693k32qg7v7rslsw_h0000gn/T//ccqHm6tG.o
LOAD /var/folders/xv/v1flr2693k32qg7v7rslsw_h0000gn/T//ccCZgVSZ.o
LOAD /Applications/microchip/xc32/v2.50/bin/bin/../../lib/gcc/pic32mx/4.8.3/../../../../pic32mx/lib/./proc/32MX250F128B/default_isr_vectors.o
LOAD /Applications/microchip/xc32/v2.50/bin/bin/../../lib/gcc/pic32mx/4.8.3/../../../../pic32mx/lib/pic32_software_reset.o
LOAD /Applications/microchip/xc32/v2.50/bin/bin/../../lib/gcc/pic32mx/4.8.3/libgcc.a
START GROUP
LOAD /Applications/microchip/xc32/v2.50/bin/bin/../../lib/gcc/pic32mx/4.8.3/../../../../pic32mx/lib/libpic32.a
LOAD /Applications/microchip/xc32/v2.50/bin/bin/../../lib/gcc/pic32mx/4.8.3/../../../../pic32mx/lib/libdebug.a
LOAD /Applications/microchip/xc32/v2.50/bin/bin/../../lib/gcc/pic32mx/4.8.3/../../../../pic32mx/lib/libpic32.a
LOAD /Applications/microchip/xc32/v2.50/bin/bin/../../lib/gcc/pic32mx/4.8.3/../../../../pic32mx/lib/libc.a
LOAD /Applications/microchip/xc32/v2.50/bin/bin/../../lib/gcc/pic32mx/4.8.3/../../../../pic32mx/lib/libc.a
LOAD /Applications/microchip/xc32/v2.50/bin/bin/../../lib/gcc/pic32mx/4.8.3/../../../../pic32mx/lib/libm.a
LOAD /Applications/microchip/xc32/v2.50/bin/bin/../../lib/gcc/pic32mx/4.8.3/../../../../pic32mx/lib/libe.a
LOAD /Applications/microchip/xc32/v2.50/bin/bin/../../lib/gcc/pic32mx/4.8.3/../../../../pic32mx/lib/libdsp.a
LOAD /Applications/microchip/xc32/v2.50/bin/bin/../../lib/gcc/pic32mx/4.8.3/libgcc.a
LOAD /Applications/microchip/xc32/v2.50/bin/bin/../../lib/gcc/pic32mx/4.8.3/../../../../pic32mx/lib/libpic32.a
END GROUP
LOAD /Applications/microchip/xc32/v2.50/bin/bin/../../lib/gcc/pic32mx/4.8.3/libgcc.a
OUTPUT(dist/default/production/grpc2021.X.production.elf elf32-tradlittlemips)
LOAD stack
LOAD data_init

.reginfo        0x00000000       0x18
 .reginfo       0x00000000       0x18 /Applications/microchip/xc32/v2.50/bin/bin/../../lib/gcc/pic32mx/4.8.3/../../../../pic32mx/lib/debug-exception-return.o

.stack          0xa0001028      0x400
 .stack         0xa0001028      0x400 stack

.bss            0xa0000c5c      0x140
 .bss           0xa0000c5c       0xe0 build/default/production/_ext/1171490990/initialization.o
 .bss           0xa0000d3c       0x60 build/default/production/_ext/869808652/drv_usart.o

.bss            0xa0000d9c       0x70
 .bss           0xa0000d9c       0x40 build/default/production/_ext/1865161661/plib_dmac.o
 .bss           0xa0000ddc       0x30 build/default/production/_ext/14461671/sys_dma.o

._debug_exception
                0xbfc00480       0x2c
 ._debug_exception
                0xbfc00480       0x2c /Applications/microchip/xc32/v2.50/bin/bin/../../lib/gcc/pic32mx/4.8.3/../../../../pic32mx/lib/debug-exception-return.o
                0xbfc00480                __DbgExecReturn

.rodata         0x9d000000    0x14184
 .rodata        0x9d000000    0x14184 build/default/production/_ext/1360937237/garapico_led.o
                0x9d000000                baloon
                0x9d000300                frame_baloon
                0x9d000304                mini_heart3
                0x9d000604                mini_heart2
                0x9d000904                mini_heart1
                0x9d000c04                shinobi
                0x9d000f04                frame_shinobi
                0x9d000f08                onpu_pink_anime
                0x9d001508                frame_onpu_pink_anime
                0x9d001510                onpu_blue_anime
                0x9d001b10                frame_onpu_blue_anime
                0x9d001b18                energy
                0x9d004e18                frame_energy
                0x9d004e2c                wave
                0x9d00842c                frame_wave
                0x9d008440                star
                0x9d009040                frame_star
                0x9d009044                normal_blink
                0x9d00a544                frame_normal_blink
                0x9d00a54c                sleep_heart
                0x9d00b14c                frameSleepHeart_2
                0x9d00b150                frameSleepHeart_1
                0x9d00b154                hanabi
                0x9d00cf54                frame_hanabi
                0x9d00cf60                startup
                0x9d011460                frame_startup
                0x9d011478                broken
                0x9d013578                frame_broken
                0x9d013584                hatena
                0x9d013884                batsu
                0x9d013b84                break_heart
                0x9d013e84                heart_rev
                0x9d014184                dummy
                0x9d014184                frame_dummy

.text.show      0x9d014184     0x293c
 .text.show     0x9d014184     0x293c build/default/production/_ext/1360937237/user.o
                0x9d014184                show

.text.GARAPICO_LED_Tasks
                0x9d016ac0      0x4b4
 .text.GARAPICO_LED_Tasks
                0x9d016ac0      0x4b4 build/default/production/_ext/1360937237/garapico_led.o
                0x9d016ac0                GARAPICO_LED_Tasks

.text.UART_1_InterruptHandler
                0x9d016f74      0x264
 .text.UART_1_InterruptHandler
                0x9d016f74      0x264 build/default/production/_ext/1865657120/plib_uart1.o
                0x9d016f74                UART_1_InterruptHandler

.text._DRV_USART_BufferAdd
                0x9d0171d8      0x218
 .text._DRV_USART_BufferAdd
                0x9d0171d8      0x218 build/default/production/_ext/869808652/drv_usart.o

.text.DMAC_ChannelTransfer
                0x9d0173f0      0x1e8
 .text.DMAC_ChannelTransfer
                0x9d0173f0      0x1e8 build/default/production/_ext/1865161661/plib_dmac.o
                0x9d0173f0                DMAC_ChannelTransfer

.text.DRV_USART_Initialize
                0x9d0175d8      0x1bc
 .text.DRV_USART_Initialize
                0x9d0175d8      0x1bc build/default/production/_ext/869808652/drv_usart.o
                0x9d0175d8                DRV_USART_Initialize

.text._DRV_USART_BufferQueueTask
                0x9d017794      0x1ac
 .text._DRV_USART_BufferQueueTask
                0x9d017794      0x1ac build/default/production/_ext/869808652/drv_usart.o

.text._DRV_USART_ResourceLock
                0x9d017940      0x14c
 .text._DRV_USART_ResourceLock
                0x9d017940      0x14c build/default/production/_ext/869808652/drv_usart.o

.text.SYS_DMA_ChannelTransfer
                0x9d017a8c      0x148
 .text.SYS_DMA_ChannelTransfer
                0x9d017a8c      0x148 build/default/production/_ext/14461671/sys_dma.o
                0x9d017a8c                SYS_DMA_ChannelTransfer

.text._DRV_USART_ResourceUnlock
                0x9d017bd4      0x12c
 .text._DRV_USART_ResourceUnlock
                0x9d017bd4      0x12c build/default/production/_ext/869808652/drv_usart.o

.text.UART1_SerialSetup
                0x9d017d00      0x128
 .text.UART1_SerialSetup
                0x9d017d00      0x128 build/default/production/_ext/1865657120/plib_uart1.o
                0x9d017d00                UART1_SerialSetup

.text.UART_1_Handler
                0x9d017e28      0x110
 .text.UART_1_Handler
                0x9d017e28      0x110 build/default/production/_ext/1171490990/interrupts.o
                0x9d017e28                UART_1_Handler

.text.DMA_0_Handler
                0x9d017f38      0x110
 .text.DMA_0_Handler
                0x9d017f38      0x110 build/default/production/_ext/1171490990/interrupts.o
                0x9d017f38                DMA_0_Handler

.text.setPattern
                0x9d018048      0x110
 .text.setPattern
                0x9d018048      0x110 build/default/production/_ext/1360937237/user.o
                0x9d018048                setPattern

.text.GARAPIKO_receive
                0x9d018158      0x10c
 .text.GARAPIKO_receive
                0x9d018158      0x10c build/default/production/_ext/1360937237/serial_rcv.o
                0x9d018158                GARAPIKO_receive

.text.SERIAL_RCV_Tasks
                0x9d018264      0x10c
 .text.SERIAL_RCV_Tasks
                0x9d018264      0x10c build/default/production/_ext/1360937237/serial_rcv.o
                0x9d018264                SERIAL_RCV_Tasks

.text.DMA_0_InterruptHandler
                0x9d018370       0xf8
 .text.DMA_0_InterruptHandler
                0x9d018370       0xf8 build/default/production/_ext/1865161661/plib_dmac.o
                0x9d018370                DMA_0_InterruptHandler

.text.general_exception
                0x9d018468       0xdc
 .text.general_exception
                0x9d018468       0xdc /Applications/microchip/xc32/v2.50/bin/bin/../../lib/gcc/pic32mx/4.8.3/../../../../pic32mx/lib/libpic32.a(general-exception.o)
                0x9d018468                _general_exception_context

.text.g_animation
                0x9d018544       0xc8
 .text.g_animation
                0x9d018544       0xc8 build/default/production/_ext/1360937237/user.o
                0x9d018544                g_animation

.rodata         0x9d01860c       0xc4
 .rodata        0x9d01860c       0xc4 build/default/production/_ext/1171490990/initialization.o
                0x9d01860c                drvUsart0InitData
                0x9d018644                drvUSART0InterruptSources
                0x9d018660                drvUsart0remapError
                0x9d01866c                drvUsart0remapStopBits
                0x9d018678                drvUsart0remapParity
                0x9d018690                drvUsart0remapDataWidth
                0x9d0186a4                drvUsart0PlibAPI

.text.UART1_Write
                0x9d0186d0       0xb0
 .text.UART1_Write
                0x9d0186d0       0xb0 build/default/production/_ext/1865657120/plib_uart1.o
                0x9d0186d0                UART1_Write

.text._DRV_USART_ReadSubmit
                0x9d018780       0x90
 .text._DRV_USART_ReadSubmit
                0x9d018780       0x90 build/default/production/_ext/869808652/drv_usart.o

.text.UART1_ErrorGet
                0x9d018810       0x88
 .text.UART1_ErrorGet
                0x9d018810       0x88 build/default/production/_ext/1865657120/plib_uart1.o
                0x9d018810                UART1_ErrorGet

.text.SYS_Initialize
                0x9d018898       0x88
 .text.SYS_Initialize
                0x9d018898       0x88 build/default/production/_ext/1171490990/initialization.o
                0x9d018898                SYS_Initialize

.text.GPIO_Initialize
                0x9d018920       0x84
 .text.GPIO_Initialize
                0x9d018920       0x84 build/default/production/_ext/1865254177/plib_gpio.o
                0x9d018920                GPIO_Initialize

.text.UART1_Initialize
                0x9d0189a4       0x84
 .text.UART1_Initialize
                0x9d0189a4       0x84 build/default/production/_ext/1865657120/plib_uart1.o
                0x9d0189a4                UART1_Initialize

.text           0x9d018a28       0x84
 .text          0x9d018a28       0x84 /Applications/microchip/xc32/v2.50/bin/bin/../../lib/gcc/pic32mx/4.8.3/../../../../pic32mx/lib/libpic32.a(pic32_data_init.o)
                0x9d018a28                __pic32_data_init

.text.UART1_Read
                0x9d018aac       0x80
 .text.UART1_Read
                0x9d018aac       0x80 build/default/production/_ext/1865657120/plib_uart1.o
                0x9d018aac                UART1_Read

.text._DRV_USART_DriverHandleValidate
                0x9d018b2c       0x78
 .text._DRV_USART_DriverHandleValidate
                0x9d018b2c       0x78 build/default/production/_ext/869808652/drv_usart.o

.text.DMAC_Initialize
                0x9d018ba4       0x78
 .text.DMAC_Initialize
                0x9d018ba4       0x78 build/default/production/_ext/1865161661/plib_dmac.o
                0x9d018ba4                DMAC_Initialize

.text._DRV_USART_WriteSubmit
                0x9d018c1c       0x74
 .text._DRV_USART_WriteSubmit
                0x9d018c1c       0x74 build/default/production/_ext/869808652/drv_usart.o

.dinit          0x9d018c90       0x70
 .dinit         0x9d018c90       0x70 data_init

.text._DRV_USART_RX_PLIB_CallbackHandler
                0x9d018d00       0x5c
 .text._DRV_USART_RX_PLIB_CallbackHandler
                0x9d018d00       0x5c build/default/production/_ext/869808652/drv_usart.o

.text.CLK_Initialize
                0x9d018d5c       0x5c
 .text.CLK_Initialize
                0x9d018d5c       0x5c build/default/production/_ext/60165520/plib_clk.o
                0x9d018d5c                CLK_Initialize

.text.SYS_INT_SourceDisable
                0x9d018db8       0x58
 .text.SYS_INT_SourceDisable
                0x9d018db8       0x58 build/default/production/_ext/1881668453/sys_int.o
                0x9d018db8                SYS_INT_SourceDisable

.text._DRV_USART_RX_DMA_CallbackHandler
                0x9d018e10       0x54
 .text._DRV_USART_RX_DMA_CallbackHandler
                0x9d018e10       0x54 build/default/production/_ext/869808652/drv_usart.o

.text._DRV_USART_TX_DMA_CallbackHandler
                0x9d018e64       0x54
 .text._DRV_USART_TX_DMA_CallbackHandler
                0x9d018e64       0x54 build/default/production/_ext/869808652/drv_usart.o

.text.main_entry
                0x9d018eb8       0x54
 .text.main_entry
                0x9d018eb8       0x54 /var/folders/xv/v1flr2693k32qg7v7rslsw_h0000gn/T//ccQ2hFCI.o
                0x9d018eec                __crt0_exit

.text.resetAnimation
                0x9d018f0c       0x50
 .text.resetAnimation
                0x9d018f0c       0x50 build/default/production/_ext/1360937237/user.o
                0x9d018f0c                resetAnimation

.text.deletePattern
                0x9d018f5c       0x48
 .text.deletePattern
                0x9d018f5c       0x48 build/default/production/_ext/1360937237/user.o
                0x9d018f5c                deletePattern

.vector_default
                0x9d018fa4       0x48
 .vector_default
                0x9d018fa4       0x48 /Applications/microchip/xc32/v2.50/bin/bin/../../lib/gcc/pic32mx/4.8.3/../../../../pic32mx/lib/libpic32.a(defaultinterrupt.o)
                0x9d018fa4                _DefaultInterrupt

.text           0x9d018fec       0x44
 .text          0x9d018fec       0x44 /Applications/microchip/xc32/v2.50/bin/bin/../../lib/gcc/pic32mx/4.8.3/../../../../pic32mx/lib/pic32_software_reset.o
                0x9d018fec                __pic32_software_reset

.text.UART1_ReadAbort
                0x9d019030       0x3c
 .text.UART1_ReadAbort
                0x9d019030       0x3c build/default/production/_ext/1865657120/plib_uart1.o
                0x9d019030                UART1_ReadAbort

.text._DRV_USART_RemoveTransferObjFromList
                0x9d01906c       0x38
 .text._DRV_USART_RemoveTransferObjFromList
                0x9d01906c       0x38 build/default/production/_ext/869808652/drv_usart.o

.text.EVIC_Initialize
                0x9d0190a4       0x2c
 .text.EVIC_Initialize
                0x9d0190a4       0x2c build/default/production/_ext/1865200349/plib_evic.o
                0x9d0190a4                EVIC_Initialize

.text.EVIC_SourceEnable
                0x9d0190d0       0x28
 .text.EVIC_SourceEnable
                0x9d0190d0       0x28 build/default/production/_ext/1865200349/plib_evic.o
                0x9d0190d0                EVIC_SourceEnable

.text.EVIC_SourceDisable
                0x9d0190f8       0x28
 .text.EVIC_SourceDisable
                0x9d0190f8       0x28 build/default/production/_ext/1865200349/plib_evic.o
                0x9d0190f8                EVIC_SourceDisable

.text.SYS_INT_SourceRestore
                0x9d019120       0x28
 .text.SYS_INT_SourceRestore
                0x9d019120       0x28 build/default/production/_ext/1881668453/sys_int.o
                0x9d019120                SYS_INT_SourceRestore

.text._DRV_USART_TX_PLIB_CallbackHandler
                0x9d019148       0x24
 .text._DRV_USART_TX_PLIB_CallbackHandler
                0x9d019148       0x24 build/default/production/_ext/869808652/drv_usart.o

.text.EVIC_SourceIsEnabled
                0x9d01916c       0x24
 .text.EVIC_SourceIsEnabled
                0x9d01916c       0x24 build/default/production/_ext/1865200349/plib_evic.o
                0x9d01916c                EVIC_SourceIsEnabled

.text.SYS_DMA_AddressingModeSetup
                0x9d019190       0x24
 .text.SYS_DMA_AddressingModeSetup
                0x9d019190       0x24 build/default/production/_ext/14461671/sys_dma.o
                0x9d019190                SYS_DMA_AddressingModeSetup

.text.SYS_INT_Restore
                0x9d0191b4       0x24
 .text.SYS_INT_Restore
                0x9d0191b4       0x24 build/default/production/_ext/1881668453/sys_int.o
                0x9d0191b4                SYS_INT_Restore

.text._general_exception_handler
                0x9d0191d8       0x24
 .text._general_exception_handler
                0x9d0191d8       0x24 build/default/production/_ext/1171490990/exceptions.o
                0x9d0191d8                _general_exception_handler

.text._bootstrap_exception_handler
                0x9d0191fc       0x24
 .text._bootstrap_exception_handler
                0x9d0191fc       0x24 build/default/production/_ext/1171490990/exceptions.o
                0x9d0191fc                _bootstrap_exception_handler

.text.SYS_Tasks
                0x9d019220       0x24
 .text.SYS_Tasks
                0x9d019220       0x24 build/default/production/_ext/1171490990/tasks.o
                0x9d019220                SYS_Tasks

.text.SYS_DMA_DataWidthSetup
                0x9d019244       0x20
 .text.SYS_DMA_DataWidthSetup
                0x9d019244       0x20 build/default/production/_ext/14461671/sys_dma.o
                0x9d019244                SYS_DMA_DataWidthSetup

.text.SYS_INT_Disable
                0x9d019264       0x20
 .text.SYS_INT_Disable
                0x9d019264       0x20 build/default/production/_ext/1881668453/sys_int.o
                0x9d019264                SYS_INT_Disable

.text.main      0x9d019284       0x20
 .text.main     0x9d019284       0x20 build/default/production/_ext/1360937237/main.o
                0x9d019284                main

.text.DRV_USART_ReadBufferAdd
                0x9d0192a4       0x1c
 .text.DRV_USART_ReadBufferAdd
                0x9d0192a4       0x1c build/default/production/_ext/869808652/drv_usart.o
                0x9d0192a4                DRV_USART_ReadBufferAdd

.text.DMAC_ChannelCallbackRegister
                0x9d0192c0       0x1c
 .text.DMAC_ChannelCallbackRegister
                0x9d0192c0       0x1c build/default/production/_ext/1865161661/plib_dmac.o
                0x9d0192c0                DMAC_ChannelCallbackRegister

.text.SERIAL_RCV_Initialize
                0x9d0192dc       0x1c
 .text.SERIAL_RCV_Initialize
                0x9d0192dc       0x1c build/default/production/_ext/1360937237/serial_rcv.o
                0x9d0192dc                SERIAL_RCV_Initialize

.text           0x9d0192f8       0x18
 .text          0x9d0192f8       0x18 /Applications/microchip/xc32/v2.50/bin/bin/../../lib/gcc/pic32mx/4.8.3/../../../../pic32mx/lib/libpic32.a(default-nmi-handler.o)
                0x9d0192f8                _nmi_handler

.text.UART1_ReadCallbackRegister
                0x9d019310       0x14
 .text.UART1_ReadCallbackRegister
                0x9d019310       0x14 build/default/production/_ext/1865657120/plib_uart1.o
                0x9d019310                UART1_ReadCallbackRegister

.text.UART1_WriteCallbackRegister
                0x9d019324       0x14
 .text.UART1_WriteCallbackRegister
                0x9d019324       0x14 build/default/production/_ext/1865657120/plib_uart1.o
                0x9d019324                UART1_WriteCallbackRegister

.text.UART1_ReadIsBusy
                0x9d019338        0xc
 .text.UART1_ReadIsBusy
                0x9d019338        0xc build/default/production/_ext/1865657120/plib_uart1.o
                0x9d019338                UART1_ReadIsBusy

.text.UART1_ReadCountGet
                0x9d019344        0xc
 .text.UART1_ReadCountGet
                0x9d019344        0xc build/default/production/_ext/1865657120/plib_uart1.o
                0x9d019344                UART1_ReadCountGet

.text.UART1_WriteIsBusy
                0x9d019350        0xc
 .text.UART1_WriteIsBusy
                0x9d019350        0xc build/default/production/_ext/1865657120/plib_uart1.o
                0x9d019350                UART1_WriteIsBusy

.text.UART1_WriteCountGet
                0x9d01935c        0xc
 .text.UART1_WriteCountGet
                0x9d01935c        0xc build/default/production/_ext/1865657120/plib_uart1.o
                0x9d01935c                UART1_WriteCountGet

.text.GARAPICO_LED_Initialize
                0x9d019368        0x8
 .text.GARAPICO_LED_Initialize
                0x9d019368        0x8 build/default/production/_ext/1360937237/garapico_led.o
                0x9d019368                GARAPICO_LED_Initialize

.text._on_reset
                0x9d019370        0x8
 .text._on_reset
                0x9d019370        0x8 /Applications/microchip/xc32/v2.50/bin/bin/../../lib/gcc/pic32mx/4.8.3/../../../../pic32mx/lib/libpic32.a(default-on-reset.o)
                0x9d019370                _on_reset

.text._on_bootstrap
                0x9d019378        0x8
 .text._on_bootstrap
                0x9d019378        0x8 /Applications/microchip/xc32/v2.50/bin/bin/../../lib/gcc/pic32mx/4.8.3/../../../../pic32mx/lib/libpic32.a(default-on-bootstrap.o)
                0x9d019378                _on_bootstrap
